// Jest Snapshot v1, https://goo.gl/fbAQLP

exports[`App component matches the snapshot 1`] = `
[
  <nav>
    <div
      className="undefined undefined"
    >
      <div>
        <span>
          Counter
        </span>
        <span>
          App
        </span>
      </div>
      <div
        onClick={[Function]}
      >
        â˜°
      </div>
      <div>
        <a
          className=""
          href="/"
          onClick={[Function]}
        >
          Home
        </a>
      </div>
    </div>
  </nav>,
  <div>
    <div>
      <div>
        <div>
          Counter: 
          0
        </div>
        <div>
          Connecting
        </div>
      </div>
    </div>
  </div>,
]
`;
