// Jest Snapshot v1, https://goo.gl/fbAQLP

exports[`Home component matches the snapshot 1`] = `
<div>
  <div>
    Dummy Home Page
  </div>
</div>
`;
